Microchip MPLAB XC8 Compiler V2.41

Linker command line:

-W-3 \
  --edf=C:\Program Files\Microchip\xc8\v2.41\pic\dat\20230208172133_en.msgs \
  -cn -h+dist/default/production\peoject1.X.production.sym \
  --cmf=dist/default/production\peoject1.X.production.cmf -z -Q18F4580 \
  -oC:\Users\user\AppData\Local\Temp\xcAsbr4.\driver_tmp_3.o \
  --defsym=__MPLAB_BUILD=1 --fixupoverflow=error \
  -Mdist/default/production/peoject1.X.production.map \
  --md=C:\Users\user\AppData\Local\Temp\xcAsbr4.\driver_tmp_0.dat -E1 \
  -ver=XC8 Compiler --acfsm=1493 -ACODE=00h-03000h -ACONST=00h-03000h \
  -ASMALLCONST=0600h-06FFhx42,03000h-03000h -AMEDIUMCONST=0600h-03000h \
  -ACOMRAM=01h-05Fh -AABS1=00h-05FFh -ABIGRAM=01h-05FFh \
  -ARAM=060h-0FFh,0100h-01FFhx5 -ABANK0=060h-0FFh -ABANK1=0100h-01FFh \
  -ABANK2=0200h-02FFh -ABANK3=0300h-03FFh -ABANK4=0400h-04FFh \
  -ABANK5=0500h-05FFh -ASFR=0D00h-0DFFhx2,0F00h-0F5Fh,0F60h-0FFFh \
  -ABIGSFR=0D00h-0FFFh -ACONFIG=0300000h-030000Dh -AIDLOC=0200000h-0200007h \
  -AEEDATA=0F00000h-0F000FFh -peeprom_data=EEDATA \
  -preset_vec=00h,intcode,intcodelo,powerup,init -pramtop=0600h \
  -psmallconst=SMALLCONST -pmediumconst=MEDIUMCONST -pconst=CONST \
  -AFARRAM=00h-00h \
  -prdata=COMRAM,nvrram=COMRAM,nvbit=COMRAM,rbss=COMRAM,rbit=COMRAM \
  -pfarbss=FARRAM,fardata=FARRAM,nvFARRAM=FARRAM \
  -pintsave_regs=BIGRAM,bigbss=BIGRAM,bigdata=BIGRAM -pbss=RAM \
  -pidata=CODE,irdata=CODE,ibigdata=CODE,ifardata=CODE -prparam=COMRAM \
  C:\Users\user\AppData\Local\Temp\xcAsbr4.\driver_tmp_9.o \
  dist/default/production\peoject1.X.production.o 

Object code version is 3.11

Machine type is 18F4580



                Name                               Link     Load   Length Selector   Space Scale
C:\Users\user\AppData\Local\Temp\xcAsbr4.\driver_tmp_9.o
                idloc                            200000   200000        8        0       5
                config                           300000   300000        E        0       4
                init                                  0        0        4        0       0
dist/default/production\peoject1.X.production.o
                idloc                            200000   200000        8        0       5
                config                           300000   300000        E        0       4
                smallconst                          600      600       FA      300       0
                text36                             22BE     22BE       74      37D       0
                text35                             254C     254C       42      37D       0
                text34                             25CE     25CE       3A      37D       0
                text33                             1E22     1E22      108      37D       0
                text32                             2248     2248       76      37D       0
                text31                             276C     276C       12      37D       0
                text30                             27AE     27AE        8      37D       0
                text29                             27A6     27A6        8      37D       0
                text28                             278A     278A        C      37D       0
                text27                             26C2     26C2       1E      37D       0
                text26                             202C     202C       C4      37D       0
                text25                             20F0     20F0       B0      37D       0
                text24                             258E     258E       40      37D       0
                text23                             1F2A     1F2A      102      37D       0
                text22                             1112     1112      8B2      37D       0
                text21                             2332     2332       6C      37D       0
                text20                             272C     272C       18      37D       0
                text19                             27B6     27B6        6      37D       0
                text18                             279E     279E        8      37D       0
                text17                             277E     277E        C      37D       0
                text16                             2796     2796        8      37D       0
                text15                             2632     2632       2A      37D       0
                text14                             239E     239E       62      37D       0
                text13                             26A2     26A2       20      37D       0
                text12                             21A0     21A0       A8      37D       0
                text11                             24BE     24BE       48      37D       0
                text10                             2744     2744       16      37D       0
                text9                              275A     275A       12      37D       0
                text8                              2682     2682       20      37D       0
                text7                              26FA     26FA       1A      37D       0
                text6                              2714     2714       18      37D       0
                text5                              2460     2460       5E      37D       0
                text4                              2506     2506       46      37D       0
                text3                              265C     265C       26      37D       0
                text2                              2608     2608       2A      37D       0
                text1                              19C4     19C4      45E      37D       0
                text0                               6FA      6FA      A18      37D       0
                cstackCOMRAM                          1        1       3E        1       1
                bssBANK1                            100      100       B4      100       1
                dataBANK0                            60       60       1A       60       1
                bssBANK0                             7A       7A       18       60       1
                dataCOMRAM                           5E       5E        1        1       1
                bssCOMRAM                            3F       3F       1F        1       1
                cinit                              2400     2400       60      37D       0
                idataBANK0                         26E0     26E0       1A      37D       0
                idataCOMRAM                        27BC     27BC        1      37D       0

TOTAL           Name                               Link     Load   Length     Space
        CLASS   CODE           
                init                                  0        0        4         0
                text36                             22BE     22BE       74         0
                text35                             254C     254C       42         0
                text34                             25CE     25CE       3A         0
                text33                             1E22     1E22      108         0
                text32                             2248     2248       76         0
                text31                             276C     276C       12         0
                text30                             27AE     27AE        8         0
                text29                             27A6     27A6        8         0
                text28                             278A     278A        C         0
                text27                             26C2     26C2       1E         0
                text26                             202C     202C       C4         0
                text25                             20F0     20F0       B0         0
                text24                             258E     258E       40         0
                text23                             1F2A     1F2A      102         0
                text22                             1112     1112      8B2         0
                text21                             2332     2332       6C         0
                text20                             272C     272C       18         0
                text19                             27B6     27B6        6         0
                text18                             279E     279E        8         0
                text17                             277E     277E        C         0
                text16                             2796     2796        8         0
                text15                             2632     2632       2A         0
                text14                             239E     239E       62         0
                text13                             26A2     26A2       20         0
                text12                             21A0     21A0       A8         0
                text11                             24BE     24BE       48         0
                text10                             2744     2744       16         0
                text9                              275A     275A       12         0
                text8                              2682     2682       20         0
                text7                              26FA     26FA       1A         0
                text6                              2714     2714       18         0
                text5                              2460     2460       5E         0
                text4                              2506     2506       46         0
                text3                              265C     265C       26         0
                text2                              2608     2608       2A         0
                text1                              19C4     19C4      45E         0
                text0                               6FA      6FA      A18         0
                cinit                              2400     2400       60         0
                idataBANK0                         26E0     26E0       1A         0
                idataCOMRAM                        27BC     27BC        1         0

        CLASS   CONST          

        CLASS   SMALLCONST     
                smallconst                          600      600       FA         0

        CLASS   MEDIUMCONST    

        CLASS   COMRAM         
                cstackCOMRAM                          1        1       3E         1
                dataCOMRAM                           5E       5E        1         1
                bssCOMRAM                            3F       3F       1F         1

        CLASS   ABS1           

        CLASS   BIGRAM         

        CLASS   RAM            

        CLASS   BANK0          
                dataBANK0                            60       60       1A         1
                bssBANK0                             7A       7A       18         1

        CLASS   BANK1          
                bssBANK1                            100      100       B4         1

        CLASS   BANK2          

        CLASS   BANK3          

        CLASS   BANK4          

        CLASS   BANK5          

        CLASS   SFR            

        CLASS   BIGSFR         

        CLASS   CONFIG         
                config                           300000   300000        E         4

        CLASS   IDLOC          
                idloc                            200000   200000        8         5

        CLASS   EEDATA         

        CLASS   FARRAM         

        CLASS   HEAP           

        CLASS   STACK          



SEGMENTS        Name                           Load    Length   Top    Selector   Space  Class

                reset_vec                      000000  000004  000004         0       0  CODE    
                cstackCOMRAM                   000001  00005E  00005F         1       1  COMRAM  
                dataBANK0                      000060  000032  000092        60       1  BANK0   
                bssBANK1                       000100  0000B4  0001B4       100       1  BANK1   
                smallconst                     000600  0000FA  0006FA       300       0  SMALLCON
                text0                          0006FA  0020C3  0027BD       37D       0  CODE    


UNUSED ADDRESS RANGES

        Name                Unused          Largest block    Delta
        BANK0            000092-0000FF               6E
        BANK1            0001B4-0001FF               4C
        BANK2            000200-0002FF              100
        BANK3            000300-0003FF              100
        BANK4            000400-0004FF              100
        BANK5            000500-0005FF              100
        BIGRAM           00005F-00005F                1
                         000092-0000FF               6E
                         0001B4-0005FF              44C
        BIGSFR           000D00-000FFF              300
        CODE             000004-0005FF              5FC
                         0027BD-003000              844
        COMRAM           00005F-00005F                1
        CONST            000004-0005FF              5FC
                         0027BD-003000              844
        EEDATA           F00000-F000FF              100
        MEDIUMCONST      0027BD-003000              844
        RAM              000092-0000FF               6E
                         0001B4-0005FF              100
        SFR              000D00-000FFF              100
        SMALLCONST       0027BD-003000              100

                                  Symbol Table

?___awdiv                      cstackCOMRAM 000001
?___awmod                      cstackCOMRAM 000001
?___lwdiv                      cstackCOMRAM 000001
?___wmul                       cstackCOMRAM 000001
?_read_adc                     cstackCOMRAM 000001
_ACKDT                         (abs)        007E2D
_ACKEN                         (abs)        007E2C
_ACKSTAT                       (abs)        007E2E
_ACQT0                         (abs)        007E03
_ACQT1                         (abs)        007E04
_ACQT2                         (abs)        007E05
_ADCON0                        (abs)        000FC2
_ADCON1                        (abs)        000FC1
_ADCS0                         (abs)        007E00
_ADCS1                         (abs)        007E01
_ADCS2                         (abs)        007E02
_ADFM                          (abs)        007E07
_ADON                          (abs)        007E10
_ADRESH                        (abs)        000FC4
_ADRESL                        (abs)        000FC3
_BCLIF                         (abs)        007D0B
_BRG16                         (abs)        007DC3
_BRGH                          (abs)        007D62
_CKE                           (abs)        007E3E
_CREN                          (abs)        007D5C
_GO                            (abs)        007E11
_GODONE                        (abs)        007E11
_PEN                           (abs)        007E2A
_PORTB                         (abs)        000F81
_PORTBbits                     (abs)        000F81
_PORTD                         (abs)        000F83
_RBPU                          (abs)        007F8F
_RC0                           (abs)        007C10
_RC1                           (abs)        007C11
_RC2                           (abs)        007C12
_RCEN                          (abs)        007E2B
_RCIF                          (abs)        007CF5
_RCREG                         (abs)        000FAE
_RD7                           (abs)        007C1F
_RSEN                          (abs)        007E29
_RX9                           (abs)        007D5E
_SEN                           (abs)        007E28
_SENDB                         (abs)        007D63
_SMP                           (abs)        007E3F
_SPBRG                         (abs)        000FAF
_SPEN                          (abs)        007D5F
_SSPADD                        (abs)        000FC8
_SSPBUF                        (abs)        000FC9
_SSPCON1                       (abs)        000FC6
_SSPIF                         (abs)        007CF3
_SYNC                          (abs)        007D64
_TRISB                         (abs)        000F93
_TRISC                         (abs)        000F94
_TRISC3                        (abs)        007CA3
_TRISC4                        (abs)        007CA4
_TRISC6                        (abs)        007CA6
_TRISC7                        (abs)        007CA7
_TRISD                         (abs)        000F95
_TRISD7                        (abs)        007CAF
_TX9                           (abs)        007D66
_TXEN                          (abs)        007D65
_TXIF                          (abs)        007CF4
_TXREG                         (abs)        000FAD
_VCFG0                         (abs)        007E0C
_VCFG1                         (abs)        007E0D
__HRAM                         (abs)        000000
__H__absolute__                __absolute__ 000000
__Habs1                        abs1         000000
__Hbank0                       bank0        000000
__Hbank1                       bank1        000000
__Hbank2                       bank2        000000
__Hbank3                       bank3        000000
__Hbank4                       bank4        000000
__Hbank5                       bank5        000000
__Hbigbss                      bigbss       000000
__Hbigdata                     bigdata      000000
__Hbigram                      bigram       000000
__Hbigsfr                      bigsfr       000000
__Hbss                         bss          000000
__HbssBANK0                    bssBANK0     000000
__HbssBANK1                    bssBANK1     000000
__HbssCOMRAM                   bssCOMRAM    000000
__Hcinit                       cinit        000000
__Hclrtext                     clrtext      000000
__Hcomram                      comram       000000
__Hconfig                      config       30000E
__Hconst                       const        000000
__HcstackCOMRAM                cstackCOMRAM 000000
__Hdata                        data         000000
__HdataBANK0                   dataBANK0    000000
__HdataCOMRAM                  dataCOMRAM   000000
__Heeprom_data                 eeprom_data  000000
__Hfarbss                      farbss       000000
__Hfardata                     fardata      000000
__Hheap                        heap         000000
__Hibigdata                    ibigdata     000000
__Hidata                       idata        000000
__HidataBANK0                  idataBANK0   000000
__HidataCOMRAM                 idataCOMRAM  000000
__Hidloc                       idloc        200008
__Hifardata                    ifardata     000000
__Hinit                        init         000004
__Hintcode                     intcode      000000
__Hintcode_body                intcode_body 000000
__Hintcodelo                   intcodelo    000000
__Hintentry                    intentry     000000
__Hintret                      intret       000000
__Hintsave_regs                intsave_regs 000000
__Hirdata                      irdata       000000
__Hmediumconst                 mediumconst  000000
__HnvFARRAM                    nvFARRAM     000000
__Hnvbit                       nvbit        000000
__Hnvrram                      nvrram       000000
__Hparam                       rparam       000000
__Hpowerup                     powerup      000000
__Hram                         ram          000000
__Hramtop                      ramtop       000600
__Hrbit                        rbit         000000
__Hrbss                        rbss         000000
__Hrdata                       rdata        000000
__Hreset_vec                   reset_vec    000000
__Hrparam                      rparam       000000
__Hsfr                         sfr          000000
__Hsmallconst                  smallconst   0006FA
__Hspace_0                     (abs)        0027BD
__Hspace_1                     (abs)        0001B4
__Hspace_2                     (abs)        000000
__Hspace_4                     (abs)        60000E
__Hstack                       stack        000000
__Hstruct                      struct       000000
__Htemp                        temp         000000
__Htext                        text         000000
__Htext0                       text0        000000
__Htext1                       text1        000000
__Htext10                      text10       000000
__Htext11                      text11       000000
__Htext12                      text12       000000
__Htext13                      text13       000000
__Htext14                      text14       000000
__Htext15                      text15       000000
__Htext16                      text16       000000
__Htext17                      text17       000000
__Htext18                      text18       000000
__Htext19                      text19       000000
__Htext2                       text2        000000
__Htext20                      text20       000000
__Htext21                      text21       000000
__Htext22                      text22       000000
__Htext23                      text23       000000
__Htext24                      text24       000000
__Htext25                      text25       000000
__Htext26                      text26       000000
__Htext27                      text27       000000
__Htext28                      text28       000000
__Htext29                      text29       000000
__Htext3                       text3        000000
__Htext30                      text30       000000
__Htext31                      text31       000000
__Htext32                      text32       000000
__Htext33                      text33       000000
__Htext34                      text34       000000
__Htext35                      text35       000000
__Htext36                      text36       000000
__Htext4                       text4        000000
__Htext5                       text5        000000
__Htext6                       text6        000000
__Htext7                       text7        000000
__Htext8                       text8        000000
__Htext9                       text9        000000
__LRAM                         (abs)        000001
__L__absolute__                __absolute__ 000000
__Labs1                        abs1         000000
__Lbank0                       bank0        000000
__Lbank1                       bank1        000000
__Lbank2                       bank2        000000
__Lbank3                       bank3        000000
__Lbank4                       bank4        000000
__Lbank5                       bank5        000000
__Lbigbss                      bigbss       000000
__Lbigdata                     bigdata      000000
__Lbigram                      bigram       000000
__Lbigsfr                      bigsfr       000000
__Lbss                         bss          000000
__LbssBANK0                    bssBANK0     000000
__LbssBANK1                    bssBANK1     000000
__LbssCOMRAM                   bssCOMRAM    000000
__Lcinit                       cinit        000000
__Lclrtext                     clrtext      000000
__Lcomram                      comram       000000
__Lconfig                      config       000000
__Lconst                       const        000000
__LcstackCOMRAM                cstackCOMRAM 000000
__Ldata                        data         000000
__LdataBANK0                   dataBANK0    000000
__LdataCOMRAM                  dataCOMRAM   000000
__Leeprom_data                 eeprom_data  000000
__Lfarbss                      farbss       000000
__Lfardata                     fardata      000000
__Lheap                        heap         000000
__Libigdata                    ibigdata     000000
__Lidata                       idata        000000
__LidataBANK0                  idataBANK0   000000
__LidataCOMRAM                 idataCOMRAM  000000
__Lidloc                       idloc        000000
__Lifardata                    ifardata     000000
__Linit                        init         000000
__Lintcode                     intcode      000000
__Lintcode_body                intcode_body 000000
__Lintcodelo                   intcodelo    000000
__Lintentry                    intentry     000000
__Lintret                      intret       000000
__Lintsave_regs                intsave_regs 000000
__Lirdata                      irdata       000000
__Lmediumconst                 mediumconst  000000
__LnvFARRAM                    nvFARRAM     000000
__Lnvbit                       nvbit        000000
__Lnvrram                      nvrram       000000
__Lparam                       rparam       000000
__Lpowerup                     powerup      000000
__Lram                         ram          000000
__Lramtop                      ramtop       000600
__Lrbit                        rbit         000000
__Lrbss                        rbss         000000
__Lrdata                       rdata        000000
__Lreset_vec                   reset_vec    000000
__Lrparam                      rparam       000000
__Lsfr                         sfr          000000
__Lsmallconst                  smallconst   000600
__Lspace_0                     (abs)        000000
__Lspace_1                     (abs)        000000
__Lspace_2                     (abs)        000000
__Lspace_4                     (abs)        000000
__Lstack                       stack        000000
__Lstruct                      struct       000000
__Ltemp                        temp         000000
__Ltext                        text         000000
__Ltext0                       text0        000000
__Ltext1                       text1        000000
__Ltext10                      text10       000000
__Ltext11                      text11       000000
__Ltext12                      text12       000000
__Ltext13                      text13       000000
__Ltext14                      text14       000000
__Ltext15                      text15       000000
__Ltext16                      text16       000000
__Ltext17                      text17       000000
__Ltext18                      text18       000000
__Ltext19                      text19       000000
__Ltext2                       text2        000000
__Ltext20                      text20       000000
__Ltext21                      text21       000000
__Ltext22                      text22       000000
__Ltext23                      text23       000000
__Ltext24                      text24       000000
__Ltext25                      text25       000000
__Ltext26                      text26       000000
__Ltext27                      text27       000000
__Ltext28                      text28       000000
__Ltext29                      text29       000000
__Ltext3                       text3        000000
__Ltext30                      text30       000000
__Ltext31                      text31       000000
__Ltext32                      text32       000000
__Ltext33                      text33       000000
__Ltext34                      text34       000000
__Ltext35                      text35       000000
__Ltext36                      text36       000000
__Ltext4                       text4        000000
__Ltext5                       text5        000000
__Ltext6                       text6        000000
__Ltext7                       text7        000000
__Ltext8                       text8        000000
__Ltext9                       text9        000000
__S0                           (abs)        0027BD
__S1                           (abs)        0001B4
__S4                           (abs)        000000
__S5                           (abs)        000000
___awdiv                       text26       00202C
___awdiv@counter               cstackCOMRAM 000005
___awdiv@dividend              cstackCOMRAM 000001
___awdiv@divisor               cstackCOMRAM 000003
___awdiv@quotient              cstackCOMRAM 000007
___awdiv@sign                  cstackCOMRAM 000006
___awmod                       text25       0020F0
___awmod@counter               cstackCOMRAM 000005
___awmod@dividend              cstackCOMRAM 000001
___awmod@divisor               cstackCOMRAM 000003
___awmod@sign                  cstackCOMRAM 000006
___heap_hi                     (abs)        000000
___heap_lo                     (abs)        000000
___inthi_sp                    stack        000000
___intlo_sp                    stack        000000
___lwdiv                       text36       0022BE
___lwdiv@counter               cstackCOMRAM 000007
___lwdiv@dividend              cstackCOMRAM 000001
___lwdiv@divisor               cstackCOMRAM 000003
___lwdiv@quotient              cstackCOMRAM 000005
___param_bank                  (abs)        000000
___rparam_used                 (abs)        000001
___sp                          stack        000000
___wmul                        text3        00265C
___wmul@multiplicand           cstackCOMRAM 000003
___wmul@multiplier             cstackCOMRAM 000001
___wmul@product                cstackCOMRAM 000005
__accesstop                    (abs)        000060
__activetblptr                 (abs)        000002
__end_of___awdiv               text26       0020F0
__end_of___awmod               text25       0021A0
__end_of___lwdiv               text36       002332
__end_of___wmul                text3        002682
__end_of__initialization       cinit        002456
__end_of_calculate_speed       text35       00258E
__end_of_check_matrix_keypad   text22       0019C4
__end_of_clcd_print            text21       00239E
__end_of_clcd_putch            text20       002744
__end_of_clcd_write            text34       002608
__end_of_get_time              text14       002400
__end_of_i2c_idle              text31       00277E
__end_of_i2c_no_ack            text19       0027BC
__end_of_i2c_read              text17       00278A
__end_of_i2c_rep_start         text16       00279E
__end_of_i2c_rx_mode           text18       0027A6
__end_of_i2c_start             text30       0027B6
__end_of_i2c_stop              text29       0027AE
__end_of_i2c_write             text28       002796
__end_of_init_adc              text13       0026C2
__end_of_init_clcd             text12       002248
__end_of_init_config           text7        002714
__end_of_init_ds1307           text11       002506
__end_of_init_i2c              text10       00275A
__end_of_init_matrix_keypad    text9        00276C
__end_of_init_uart             text8        0026A2
__end_of_main                  text0        001112
__end_of_putch                 text6        00272C
__end_of_puts                  text5        0024BE
__end_of_read_adc              text4        00254C
__end_of_read_ds1307           text15       00265C
__end_of_read_external_eeprom  text2        002632
__end_of_read_switches         text32       0022BE
__end_of_reading_eeprom        text1        001E22
__end_of_scan_key              text33       001F2A
__end_of_write_ds1307          text27       0026E0
__end_of_write_external_eeprom text24       0025CE
__end_of_writing_eeprom        text23       00202C
__initialization               cinit        002400
__mediumconst                  mediumconst  000000
__pbssBANK0                    bssBANK0     00007A
__pbssBANK1                    bssBANK1     000100
__pbssCOMRAM                   bssCOMRAM    00003F
__pcinit                       cinit        002400
__pcstackCOMRAM                cstackCOMRAM 000001
__pdataBANK0                   dataBANK0    000060
__pdataCOMRAM                  dataCOMRAM   00005E
__pidataBANK0                  idataBANK0   0026E0
__pidataCOMRAM                 idataCOMRAM  0027BC
__psmallconst                  smallconst   000600
__ptext0                       text0        0006FA
__ptext1                       text1        0019C4
__ptext10                      text10       002744
__ptext11                      text11       0024BE
__ptext12                      text12       0021A0
__ptext13                      text13       0026A2
__ptext14                      text14       00239E
__ptext15                      text15       002632
__ptext16                      text16       002796
__ptext17                      text17       00277E
__ptext18                      text18       00279E
__ptext19                      text19       0027B6
__ptext2                       text2        002608
__ptext20                      text20       00272C
__ptext21                      text21       002332
__ptext22                      text22       001112
__ptext23                      text23       001F2A
__ptext24                      text24       00258E
__ptext25                      text25       0020F0
__ptext26                      text26       00202C
__ptext27                      text27       0026C2
__ptext28                      text28       00278A
__ptext29                      text29       0027A6
__ptext3                       text3        00265C
__ptext30                      text30       0027AE
__ptext31                      text31       00276C
__ptext32                      text32       002248
__ptext33                      text33       001E22
__ptext34                      text34       0025CE
__ptext35                      text35       00254C
__ptext36                      text36       0022BE
__ptext4                       text4        002506
__ptext5                       text5        002460
__ptext6                       text6        002714
__ptext7                       text7        0026FA
__ptext8                       text8        002682
__ptext9                       text9        00275A
__ramtop                       ramtop       000600
__smallconst                   smallconst   000600
_add                           bssCOMRAM    000047
_calculate_speed               text35       00254C
_check_matrix_keypad           text22       001112
_clcd_print                    text21       002332
_clcd_putch                    text20       00272C
_clcd_write                    text34       0025CE
_clear_flag                    bssBANK0     000081
_clock_reg                     bssBANK0     00007A
_detail                        bssBANK1     000100
_download_flag                 bssBANK0     000083
_end                           bssCOMRAM    000053
_field                         bssCOMRAM    00004B
_flag                          bssBANK0     00007F
_flag_count                    bssCOMRAM    00003F
_get_time                      text14       00239E
_hour                          bssCOMRAM    000051
_i                             bssCOMRAM    00005B
_i2c_idle                      text31       00276C
_i2c_no_ack                    text19       0027B6
_i2c_read                      text17       00277E
_i2c_rep_start                 text16       002796
_i2c_rx_mode                   text18       00279E
_i2c_start                     text30       0027AE
_i2c_stop                      text29       0027A6
_i2c_write                     text28       00278A
_init_adc                      text13       0026A2
_init_clcd                     text12       0021A0
_init_config                   text7        0026FA
_init_ds1307                   text11       0024BE
_init_i2c                      text10       002744
_init_matrix_keypad            text9        00275A
_init_uart                     text8        002682
_j                             bssCOMRAM    000059
_k                             bssCOMRAM    000057
_key                           bssBANK0     00007D
_main                          text0        0006FA
_menu                          dataBANK0    000072
_menu_flag                     bssCOMRAM    000041
_message                       dataBANK0    000060
_min                           bssCOMRAM    00004F
_putch                         text6        002714
_puts                          text5        002460
_read_adc                      text4        002506
_read_ds1307                   text15       002632
_read_external_eeprom          text2        002608
_read_switches                 text32       002248
_reading_eeprom                text1        0019C4
_save_flag                     bssBANK0     000085
_scan_key                      text33       001E22
_sec                           bssCOMRAM    00004D
_settime_flag                  bssCOMRAM    000043
_speed                         bssCOMRAM    000049
_star                          bssCOMRAM    000055
_time                          bssBANK0     000089
_time_flag                     bssBANK0     000087
_view_flag                     bssCOMRAM    000045
_write_ds1307                  text27       0026C2
_write_external_eeprom         text24       00258E
_writing_eeprom                text23       001F2A
calculate_speed@adc_reg_val    cstackCOMRAM 000008
check_matrix_keypad@key        cstackCOMRAM 000012
clcd_print@addr                cstackCOMRAM 000009
clcd_print@data                cstackCOMRAM 000007
clcd_putch@addr                cstackCOMRAM 000009
clcd_putch@data                cstackCOMRAM 00000A
clcd_write@byte                cstackCOMRAM 000002
clcd_write@control_bit         cstackCOMRAM 000001
end_of_initialization          cinit        002456
i2c_write@data                 cstackCOMRAM 000001
init_ds1307@dummy              cstackCOMRAM 00000B
intlevel0                      text         000000
intlevel1                      text         000000
intlevel2                      text         000000
intlevel3                      text         000000
isa$std                        (abs)        000001
isa$xinst                      (abs)        000000
main@adc_reg_val               cstackCOMRAM 00001B
main@delay                     cstackCOMRAM 00001D
main@delay_175                 cstackCOMRAM 000025
main@delay_178                 cstackCOMRAM 00002F
main@delay_185                 cstackCOMRAM 000037
main@it                        cstackCOMRAM 00002D
putch@byte                     cstackCOMRAM 000001
puts@s                         cstackCOMRAM 000007
read_adc@channel               cstackCOMRAM 000007
read_adc@reg_val               cstackCOMRAM 000005
read_ds1307@address            cstackCOMRAM 000002
read_ds1307@data               cstackCOMRAM 000003
read_external_eeprom@address   cstackCOMRAM 000002
read_external_eeprom@data      cstackCOMRAM 000003
read_switches@detection_type   cstackCOMRAM 000001
read_switches@key              bssCOMRAM    00005D
read_switches@once             dataCOMRAM   00005E
reading_eeprom@add2            cstackCOMRAM 00000B
reading_eeprom@index           cstackCOMRAM 00000F
reading_eeprom@main_index      cstackCOMRAM 00000D
stackhi                        (abs)        000000
stacklo                        (abs)        000000
start                          init         000000
start_initialization           cinit        002400
write_ds1307@address           cstackCOMRAM 00000A
write_ds1307@data              cstackCOMRAM 000009
write_external_eeprom@address  cstackCOMRAM 00000C
write_external_eeprom@data     cstackCOMRAM 000009
write_external_eeprom@wait     cstackCOMRAM 00000A


MODULE INFORMATION

Module		Function		Class		Link	Load	Size
C:\Program Files\Microchip\xc8\v2.41\pic\sources\c99\common\awmod.c
		___awmod       		CODE           	20F0	0000	176

C:\Program Files\Microchip\xc8\v2.41\pic\sources\c99\common\awmod.c estimated size: 176

matrix_keypad.c
		_init_matrix_keypad		CODE           	275A	0000	18
		_read_switches 		CODE           	2248	0000	118
		_scan_key      		CODE           	1E22	0000	264

matrix_keypad.c estimated size: 400

uart.c
		_putch         		CODE           	2714	0000	24
		_init_uart     		CODE           	2682	0000	32
		_puts          		CODE           	2460	0000	94

uart.c estimated size: 150

i2c.c
		_i2c_start     		CODE           	27AE	0000	8
		_i2c_no_ack    		CODE           	27B6	0000	6
		_i2c_rep_start 		CODE           	2796	0000	8
		_i2c_idle      		CODE           	276C	0000	18
		_i2c_write     		CODE           	278A	0000	12
		_i2c_stop      		CODE           	27A6	0000	8
		_i2c_read      		CODE           	277E	0000	12
		_init_i2c      		CODE           	2744	0000	22
		_i2c_rx_mode   		CODE           	279E	0000	8

i2c.c estimated size: 102

C:\Program Files\Microchip\xc8\v2.41\pic\sources\c99\common\lwdiv.c
		___lwdiv       		CODE           	22BE	0000	116

C:\Program Files\Microchip\xc8\v2.41\pic\sources\c99\common\lwdiv.c estimated size: 116

C:\Program Files\Microchip\xc8\v2.41\pic\sources\c99\common\awdiv.c
		___awdiv       		CODE           	202C	0000	196

C:\Program Files\Microchip\xc8\v2.41\pic\sources\c99\common\awdiv.c estimated size: 196

ds1307.c
		_read_ds1307   		CODE           	2632	0000	42
		_write_ds1307  		CODE           	26C2	0000	30
		_init_ds1307   		CODE           	24BE	0000	72

ds1307.c estimated size: 144

adc.c
		_init_adc      		CODE           	26A2	0000	32
		_read_adc      		CODE           	2506	0000	70

adc.c estimated size: 102

external_eeprom.c
		_write_external_eeprom		CODE           	258E	0000	64
		_read_external_eeprom		CODE           	2608	0000	42

external_eeprom.c estimated size: 106

shared
		__initialization		CODE           	2400	0000	86

shared estimated size: 86

clcd.c
		_clcd_write    		CODE           	25CE	0000	58
		_clcd_print    		CODE           	2332	0000	108
		_clcd_putch    		CODE           	272C	0000	24
		_init_clcd     		CODE           	21A0	0000	168

clcd.c estimated size: 358

C:\Program Files\Microchip\xc8\v2.41\pic\sources\c99\common\Umul16.c
		___wmul        		CODE           	265C	0000	38

C:\Program Files\Microchip\xc8\v2.41\pic\sources\c99\common\Umul16.c estimated size: 38

main.c
		_check_matrix_keypad		CODE           	1112	0000	2226
		_reading_eeprom		CODE           	19C4	0000	1118
		_main          		CODE           	06FA	0000	2584
		_writing_eeprom		CODE           	1F2A	0000	258
		_get_time      		CODE           	239E	0000	98
		_init_config   		CODE           	26FA	0000	26
		_calculate_speed		CODE           	254C	0000	66

main.c estimated size: 6376

